<html>
<body>
<pre>
<h1>µVision Build Log</h1>
<h2>Project:</h2>
C:\Users\Elvin's Laptop\Desktop\EE319K\Lab10-master\lab10-starter\SpaceInvaders.uvproj
Project File Date:  11/29/2016

<h2>Output:</h2>
Build target 'SpaceInvaders'
linking...
Program Size: Code=6388 RO-data=11224 RW-data=256 ZI-data=1192  
".\SpaceInvaders.axf" - 0 Error(s), 0 Warning(s).
</pre>
</body>
</html>
ceInvaders.c(726): warning:  #223-D: function "CheckDown" declared implicitly
                 int checkd = CheckDown();
SpaceInvaders.c: 2 warnings, 0 errors
linking...
Program Size: Code=6388 RO-data=11224 RW-data=256 ZI-data=1192  
".\SpaceInvaders.axf" - 0 Error(s), 2 Warning(s).
Load "C:\\Users\\Elvin's Laptop\\Desktop\\EE319K\\Lab10-master\\lab10-starter\\SpaceInvaders.axf" 
Connecting: Mode=JTAG, Speed=1000000Hz
Erase Done.
Programming Done.
Verify OK.
nvaders.axf" - 0 Error(s), 2 Warning(s).
Load "C:\\Users\\Elvin's Laptop\\Desktop\\EE319K\\Lab10-master\\lab10-starter\\SpaceInvaders.axf" 
Connecting: Mode=JTAG, Speed=1000000Hz
Erase Done.
Programming Done.
Verify OK.
