<html>
<body>
<pre>
<h1>µVision Build Log</h1>
<h2>Project:</h2>
C:\Users\Ankith\Documents\labs\Lab8\Lab8.uvproj
Project File Date:  11/07/2016

<h2>Output:</h2>
Rebuild target 'Lab8'
assembling startup.s...
assembling LCD.s...
assembling Print.s...
compiling ADC.c...
compiling Lab8.c...
compiling ST7735.c...
compiling SysTick.c...
linking...
Program Size: Code=4724 RO-data=2292 RW-data=120 ZI-data=1176  
".\Lab8.axf" - 0 Error(s), 0 Warning(s).
Load "C:\\Users\\Ankith\\Documents\\labs\\Lab8\\Lab8.axf" 
Connecting: Mode=JTAG, Speed=1000000Hz
Erase Done.
Programming Done.
Verify OK.
Load "C:\\Users\\Ankith\\Documents\\labs\\Lab8\\Lab8.axf" 
Connecting: Mode=JTAG, Speed=1000000Hz
Erase Done.
Programming Done.
Verify OK.
1000000Hz
Erase Done.
Programming Done.
Verify OK.
: cannot open file
Error: Flash Download failed  -  Could not load file 'C:\Users\Ankith\Documents\labs\Lab8\Lab8.axf'
