


ARM Macro Assembler    Page 1 


    1 00000000         ; LCD.s
    2 00000000         ; Student names: change this to your names or look very 
                       silly
    3 00000000         ; Last modification date: change this to the last modifi
                       cation date or look very silly
    4 00000000         
    5 00000000         ; Runs on LM4F120/TM4C123
    6 00000000         ; Use SSI0 to send an 8-bit code to the ST7735 160x128 p
                       ixel LCD.
    7 00000000         
    8 00000000         ; As part of Lab 7, students need to implement these LCD
                       _WriteCommand and LCD_WriteData
    9 00000000         ; This driver assumes two low-level LCD functions
   10 00000000         
   11 00000000         ; Backlight (pin 10) connected to +3.3 V
   12 00000000         ; MISO (pin 9) unconnected
   13 00000000         ; SCK (pin 8) connected to PA2 (SSI0Clk)
   14 00000000         ; MOSI (pin 7) connected to PA5 (SSI0Tx)
   15 00000000         ; TFT_CS (pin 6) connected to PA3 (SSI0Fss)
   16 00000000         ; CARD_CS (pin 5) unconnected
   17 00000000         ; Data/Command (pin 4) connected to PA6 (GPIO)
   18 00000000         ; RESET (pin 3) connected to PA7 (GPIO)
   19 00000000         ; VCC (pin 2) connected to +3.3 V
   20 00000000         ; Gnd (pin 1) connected to ground
   21 00000000         
   22 00000000 400043FC 
                       GPIO_PORTA_DATA_R
                               EQU              0x400043FC
   23 00000000 40008008 
                       SSI0_DR_R
                               EQU              0x40008008
   24 00000000 4000800C 
                       SSI0_SR_R
                               EQU              0x4000800C
   25 00000000 00000004 
                       SSI_SR_RNE
                               EQU              0x00000004  ; SSI Receive FIFO 
                                                            Not Empty
   26 00000000 00000010 
                       SSI_SR_BSY
                               EQU              0x00000010  ; SSI Busy Bit
   27 00000000 00000002 
                       SSI_SR_TNF
                               EQU              0x00000002  ; SSI Transmit FIFO
                                                             Not Full
   28 00000000         
   29 00000000                 EXPORT           writecommand
   30 00000000                 EXPORT           writedata
   31 00000000         
   32 00000000                 AREA             |.text|, CODE, READONLY, ALIGN=
2
   33 00000000                 THUMB
   34 00000000                 ALIGN
   35 00000000         
   36 00000000         ; The Data/Command pin must be valid when the eighth bit
                        is
   37 00000000         ; sent.  The SSI module has hardware input and output FI
                       FOs
   38 00000000         ; that are 8 locations deep.  Based on the observation t



ARM Macro Assembler    Page 2 


                       hat
   39 00000000         ; the LCD interface tends to send a few commands and the
                       n a
   40 00000000         ; lot of data, the FIFOs are not used when writing
   41 00000000         ; commands, and they are used when writing data.  This
   42 00000000         ; ensures that the Data/Command pin status matches the b
                       yte
   43 00000000         ; that is actually being transmitted.
   44 00000000         ; The write command operation waits until all data has b
                       een
   45 00000000         ; sent, configures the Data/Command pin for commands, se
                       nds
   46 00000000         ; the command, and then waits for the transmission to
   47 00000000         ; finish.
   48 00000000         ; The write data operation waits until there is room in 
                       the
   49 00000000         ; transmit FIFO, configures the Data/Command pin for dat
                       a,
   50 00000000         ; and then adds the data to the transmit FIFO.
   51 00000000         ; NOTE: These functions will crash or stall indefinitely
                        if
   52 00000000         ; the SSI0 module is not initialized and enabled.
   53 00000000         
   54 00000000         ; This is a helper function that sends an 8-bit command 
                       to the LCD.
   55 00000000         ; Input: R0  8-bit command to transmit
   56 00000000         ; Output: none
   57 00000000         ; Assumes: SSI0 and port A have already been initialized
                        and enabled
   58 00000000         writecommand
   59 00000000         ;1) Read SSI0_SR_R and check bit 4, 
   60 00000000         ;2) If bit 4 is high, loop back to step 1 (wait for BUSY
                        bit to be low)
   61 00000000         ;3) Clear D/C=PA6 to zero
   62 00000000         ;4) Write the command to SSI0_DR_R
   63 00000000         ;5) Read SSI0_SR_R and check bit 4, 
   64 00000000         ;6) If bit 4 is high, loop back to step 5 (wait for BUSY
                        bit to be low)
   65 00000000         
   66 00000000         
   67 00000000         
   68 00000000 4770            BX               LR          ;   return
   69 00000002         
   70 00000002         ; This is a helper function that sends an 8-bit data to 
                       the LCD.
   71 00000002         ; Input: R0  8-bit data to transmit
   72 00000002         ; Output: none
   73 00000002         ; Assumes: SSI0 and port A have already been initialized
                        and enabled
   74 00000002         writedata
   75 00000002         ;1) Read SSI0_SR_R and check bit 1, 
   76 00000002         ;2) If bit 1 is low loop back to step 1 (wait for TNF bi
                       t to be high)
   77 00000002         ;3) Set D/C=PA6 to one
   78 00000002         ;4) Write the 8-bit data to SSI0_DR_R
   79 00000002         
   80 00000002         
   81 00000002         
   82 00000002 4770            BX               LR          ;   return



ARM Macro Assembler    Page 3 


   83 00000004         
   84 00000004         
   85 00000004         ;***************************************************
   86 00000004         ; This is a library for the Adafruit 1.8" SPI display.
   87 00000004         ; This library works with the Adafruit 1.8" TFT Breakout
                        w/SD card
   88 00000004         ; ----> http://www.adafruit.com/products/358
   89 00000004         ; as well as Adafruit raw 1.8" TFT display
   90 00000004         ; ----> http://www.adafruit.com/products/618
   91 00000004         ;
   92 00000004         ; Check out the links above for our tutorials and wiring
                        diagrams
   93 00000004         ; These displays use SPI to communicate, 4 or 5 pins are
                        required to
   94 00000004         ; interface (RST is optional)
   95 00000004         ; Adafruit invests time and resources providing this ope
                       n source code,
   96 00000004         ; please support Adafruit and open-source hardware by pu
                       rchasing
   97 00000004         ; products from Adafruit!
   98 00000004         ;
   99 00000004         ; Written by Limor Fried/Ladyada for Adafruit Industries
                       .
  100 00000004         ; MIT license, all text above must be included in any re
                       distribution
  101 00000004         ;****************************************************
  102 00000004         
  103 00000004                 ALIGN                        ; make sure the end
                                                             of this section is
                                                             aligned
  104 00000004                 END                          ; end of file
Command Line: --debug --xref --cpu=Cortex-M4 --apcs=interwork --depend=.\lcd.d 
-o.\lcd.o -IC:\Keil\ARM\RV31\INC -IC:\Keil\ARM\CMSIS\Include -IC:\Keil\ARM\Inc\
Luminary --predefine="__EVAL SETA 1" --list=.\lcd.lst LCD.s



ARM Macro Assembler    Page 1 Alphabetic symbol ordering
Relocatable symbols

.text 00000000

Symbol: .text
   Definitions
      At line 32 in file LCD.s
   Uses
      None
Comment: .text unused
writecommand 00000000

Symbol: writecommand
   Definitions
      At line 58 in file LCD.s
   Uses
      At line 29 in file LCD.s
Comment: writecommand used once
writedata 00000002

Symbol: writedata
   Definitions
      At line 74 in file LCD.s
   Uses
      At line 30 in file LCD.s
Comment: writedata used once
3 symbols



ARM Macro Assembler    Page 1 Alphabetic symbol ordering
Absolute symbols

GPIO_PORTA_DATA_R 400043FC

Symbol: GPIO_PORTA_DATA_R
   Definitions
      At line 22 in file LCD.s
   Uses
      None
Comment: GPIO_PORTA_DATA_R unused
SSI0_DR_R 40008008

Symbol: SSI0_DR_R
   Definitions
      At line 23 in file LCD.s
   Uses
      None
Comment: SSI0_DR_R unused
SSI0_SR_R 4000800C

Symbol: SSI0_SR_R
   Definitions
      At line 24 in file LCD.s
   Uses
      None
Comment: SSI0_SR_R unused
SSI_SR_BSY 00000010

Symbol: SSI_SR_BSY
   Definitions
      At line 26 in file LCD.s
   Uses
      None
Comment: SSI_SR_BSY unused
SSI_SR_RNE 00000004

Symbol: SSI_SR_RNE
   Definitions
      At line 25 in file LCD.s
   Uses
      None
Comment: SSI_SR_RNE unused
SSI_SR_TNF 00000002

Symbol: SSI_SR_TNF
   Definitions
      At line 27 in file LCD.s
   Uses
      None
Comment: SSI_SR_TNF unused
6 symbols
340 symbols in table
